Generation output:
Generating new project

E:\Magic_XPA\XPA48\Projects\91166>echo off 
generating new project "sample"
Install angular/cli@10 - Installing angular/cli version 10

> @angular/cli@10.2.4 postinstall E:\Magic_XPA\XPA48\Projects\91166\output\node_modules\@angular\cli
> node ./bin/postinstall/script.js

+ @angular/cli@10.2.4
added 295 packages from 207 contributors and audited 295 packages in 11.514s

48 packages are looking for funding
  run `npm fund` for details

found 0 vulnerabilities

CREATE sample/angular.json (3566 bytes)
CREATE sample/package.json (1249 bytes)
CREATE sample/README.md (1015 bytes)
CREATE sample/tsconfig.json (458 bytes)
CREATE sample/tslint.json (3185 bytes)
CREATE sample/.editorconfig (274 bytes)
CREATE sample/.gitignore (631 bytes)
CREATE sample/.browserslistrc (853 bytes)
CREATE sample/karma.conf.js (1018 bytes)
CREATE sample/tsconfig.app.json (287 bytes)
CREATE sample/tsconfig.spec.json (333 bytes)
CREATE sample/src/favicon.ico (948 bytes)
CREATE sample/src/index.html (292 bytes)
CREATE sample/src/main.ts (372 bytes)
CREATE sample/src/polyfills.ts (2830 bytes)
CREATE sample/src/styles.css (80 bytes)
CREATE sample/src/test.ts (753 bytes)
CREATE sample/src/assets/.gitkeep (0 bytes)
CREATE sample/src/environments/environment.prod.ts (51 bytes)
CREATE sample/src/environments/environment.ts (662 bytes)
CREATE sample/src/app/app.module.ts (314 bytes)
CREATE sample/src/app/app.component.html (25725 bytes)
CREATE sample/src/app/app.component.spec.ts (940 bytes)
CREATE sample/src/app/app.component.ts (210 bytes)
CREATE sample/src/app/app.component.css (0 bytes)
CREATE sample/e2e/protractor.conf.js (869 bytes)
CREATE sample/e2e/tsconfig.json (294 bytes)
CREATE sample/e2e/src/app.e2e-spec.ts (639 bytes)
CREATE sample/e2e/src/app.po.ts (301 bytes)
adding Magic support`
[V-CLI] cmd.exe /c ng add @magic-xpa/cli@4.800.0 --project=sample --skipHelp --angularVersion=4.800.0 --cliVersion=4.800.0
Installing packages for tooling via npm.
Installed packages for tooling via npm.
   [V - add install dependencies !] options.cliVersion=4.800.0
   [V - add install dependencies !] options.angularVersion=4.800.0
    [>] Add devDependencies @types/stacktrace-js ^0.0.32
    [>] Add devDependencies @magic-xpa/cli 4.800.0
    [>] Install dependencies.
UPDATE package.json (1354 bytes)
    [>] Add dependencies @angular/material ^10.0.0
    [>] Add dependencies @angular/cdk ^10.0.0
    [>] Add dependencies @angular/animations ^10.0.0
    [>] Add dependencies font-awesome ^4.7.0
    [>] Add dependencies hammerjs ^2.0.8
    [>] Add dependencies ngx-infinite-scroll ^6.0.0
    [>] Add dependencies ng-dynamic-component ^7.0.1
    [>] Add dependencies rxjs-compat ^6.6.0
    [>] Add dependencies ngx-currency ^2.5.2
    [>] Add dependencies @magic-xpa/angular 4.800.0
    [>] Install dependencies.
UPDATE package.json (1648 bytes)
DELETE src/app/app.component.html
DELETE src/favicon.ico
      [>]add file .//src/magic-styles.css to test
      [>]add file .//src/magic-styles.css to build
CREATE src/favicon.ico (4286 bytes)
CREATE src/magic-styles.css (2064 bytes)
CREATE src/app/app.component.html (44 bytes)
CREATE src/app/app.routes.ts (315 bytes)
CREATE src/app/magic/component-list.g.ts (105 bytes)
CREATE src/app/magic/magic.gen.lib.module.ts (3060 bytes)
UPDATE src/app/app.module.ts (854 bytes)
UPDATE angular.json (3650 bytes)
UPDATE tsconfig.app.json (311 bytes)
audited 1546 packages in 8.128s

100 packages are looking for funding
  run `npm fund` for details

found 30 vulnerabilities (3 low, 17 moderate, 10 high)
Generation warnings/errors:
npm WARN deprecated debug@4.1.1: Debug versions >=3.2.0 <3.2.7 || >=4 <4.3.1 have a low-severity ReDos regression when used in a Node.js environment. It is recommended you upgrade to 3.2.7 or 4.3.1. (https://github.com/visionmedia/debug/issues/797)
npm WARN deprecated read-package-tree@5.3.1: The functionality that this package provided is now in @npmcli/arborist
npm WARN deprecated uuid@3.4.0: Please upgrade  to version 7 or higher.  Older versions may use Math.random() in certain circumstances, which is known to be problematic.  See https://v8.dev/blog/math-random for details.
npm WARN deprecated request@2.88.2: request has been deprecated, see https://github.com/request/request/issues/3142
npm WARN deprecated har-validator@5.1.5: this library is no longer supported
npm WARN saveError ENOENT: no such file or directory, open 'E:\Magic_XPA\XPA48\Projects\91166\output\package.json'
npm notice created a lockfile as package-lock.json. You should commit this file.
npm WARN enoent ENOENT: no such file or directory, open 'E:\Magic_XPA\XPA48\Projects\91166\output\package.json'
npm WARN output No description
npm WARN output No repository field.
npm WARN output No README data
npm WARN output No license field.

- Installing packages...
âˆš Packages installed successfully.
- Installing packages...
âˆš Packages installed successfully.
- Installing packages...
âˆš Packages installed successfully.
npm WARN @angular/http@7.2.16 requires a peer of @angular/core@7.2.16 but none is installed. You must install peer dependencies yourself.
npm WARN @angular/http@7.2.16 requires a peer of @angular/platform-browser@7.2.16 but none is installed. You must install peer dependencies yourself.
npm WARN The package @magic-xpa/cli is included as both a dev and production dependency.
npm WARN optional SKIPPING OPTIONAL DEPENDENCY: fsevents@1.2.13 (node_modules\webpack-dev-server\node_modules\fsevents):
npm WARN notsup SKIPPING OPTIONAL DEPENDENCY: Unsupported platform for fsevents@1.2.13: wanted {"os":"darwin","arch":"any"} (current: {"os":"win32","arch":"x64"})
npm WARN optional SKIPPING OPTIONAL DEPENDENCY: fsevents@2.1.3 (node_modules\fsevents):
npm WARN notsup SKIPPING OPTIONAL DEPENDENCY: Unsupported platform for fsevents@2.1.3: wanted {"os":"darwin","arch":"any"} (current: {"os":"win32","arch":"x64"})
npm WARN optional SKIPPING OPTIONAL DEPENDENCY: fsevents@1.2.13 (node_modules\watchpack-chokidar2\node_modules\fsevents):
npm WARN notsup SKIPPING OPTIONAL DEPENDENCY: Unsupported platform for fsevents@1.2.13: wanted {"os":"darwin","arch":"any"} (current: {"os":"win32","arch":"x64"})
npm WARN optional SKIPPING OPTIONAL DEPENDENCY: fsevents@2.3.2 (node_modules\chokidar\node_modules\fsevents):
npm WARN notsup SKIPPING OPTIONAL DEPENDENCY: Unsupported platform for fsevents@2.3.2: wanted {"os":"darwin","arch":"any"} (current: {"os":"win32","arch":"x64"})


  run `npm audit fix` to fix them, or `npm audit` for details


 Generate Modules

E:\Magic_XPA\XPA48\Projects\91166\output\sample>echo off 
copying files



E:\Magic_XPA\XPA48\Projects\91166\output\sample>echo off 
generating modules
[V-CLI] cmd.exe /c ng g @magic-xpa/cli:modules
   Number of modules to be check for generate: 1
Nothing to be done.

Generate Components

E:\Magic_XPA\XPA48\Projects\91166\output\sample>echo off 
copying files



E:\Magic_XPA\XPA48\Projects\91166\output\sample>echo off 
generating components
[V-CLI] cmd.exe /c ng g @magic-xpa/cli:magic
[>]  ********************************* START    GENERATE *********************************
   Number of modules to be check for generate: 1
[>]           ******    Start Web Module name : []    *******
*** Step 1: Loading JSON files ***
[>] Loading JSON file .//magic-metadata/Package/Package1.json
[>] Loading JSON file .//magic-metadata/App1/App1.json
[>] Loading JSON file .//magic-metadata/App2/App2.json
[>] Loading JSON file .//magic-metadata/App3/App3.json
*** Step 2: Processing JSON files -  (4 components) ***
[>] Processing JSON file for component Package1
[>] Processing JSON file for component App1
[>] Processing JSON file for component App2
[>] Processing JSON file for component App3
*** Step 3: generate components. (4 components) ***
[>] generate component Package1
[>] generate component App1
[>] generate component App2
[>] generate component App3
[>] Step 4: components-list.
 Total old components: 0, added components: 4. 
[>] Creating LazyLoadModulesMap 
[>]  ********************************* E N D    GENERATE *********************************
CREATE src/app/magic/Package/Package1.mg.controls.g.ts (1052 bytes)
CREATE src/app/magic/Package/Package1.component.ts (685 bytes)
CREATE src/app/magic/Package/Package1.component.html (2554 bytes)
CREATE src/app/magic/App1/App1.mg.controls.g.ts (801 bytes)
CREATE src/app/magic/App1/App1.component.ts (821 bytes)
CREATE src/app/magic/App1/App1.component.html (4045 bytes)
CREATE src/app/magic/App2/App2.mg.controls.g.ts (801 bytes)
CREATE src/app/magic/App2/App2.component.ts (821 bytes)
CREATE src/app/magic/App2/App2.component.html (4045 bytes)
CREATE src/app/magic/App3/App3.mg.controls.g.ts (801 bytes)
CREATE src/app/magic/App3/App3.component.ts (821 bytes)
CREATE src/app/magic/App3/App3.component.html (4045 bytes)
UPDATE src/app/magic/component-list.g.ts (611 bytes)
UPDATE src/app/magic/magic.gen.lib.module.ts (3142 bytes)



